main.c:124:5:main	7752	static
main.c:280:6:SystemClock_Config	256	static
main.c:370:13:MX_ADC1_Init	32	static
main.c:426:13:MX_CRC_Init	8	static
main.c:457:13:MX_DAC1_Init	48	static
main.c:499:13:MX_DFSDM1_Init	8	static
main.c:569:13:MX_I2C2_SMBUS_Init	8	static
main.c:613:13:MX_I2C3_Init	8	static
main.c:659:13:MX_I2C4_Init	8	static
main.c:705:13:MX_LTDC_Init	112	static
main.c:795:13:MX_RTC_Init	48	static
main.c:847:13:MX_SAI1_Init	8	static
main.c:929:13:MX_SPI1_Init	8	static
main.c:969:13:MX_SPI2_Init	8	static
main.c:1009:13:MX_SPI3_Init	8	static
main.c:1049:13:MX_TIM2_Init	48	static
main.c:1098:13:MX_TIM5_Init	48	static
main.c:1151:13:MX_TIM16_Init	8	static
main.c:1183:13:MX_USART2_UART_Init	8	static
main.c:1231:13:MX_USART3_UART_Init	8	static
main.c:1277:13:MX_DMA_Init	16	static
main.c:1296:13:MX_GPIO_Init	64	static
main.c:1492:6:Error_Handler	4	static,ignoring_inline_asm
