stm32l4xx_hal_msp.c:67:6:HAL_MspInit	16	static
stm32l4xx_hal_msp.c:89:6:HAL_ADC_MspInit	48	static
stm32l4xx_hal_msp.c:149:6:HAL_ADC_MspDeInit	16	static
stm32l4xx_hal_msp.c:184:6:HAL_CRC_MspInit	24	static
stm32l4xx_hal_msp.c:206:6:HAL_CRC_MspDeInit	16	static
stm32l4xx_hal_msp.c:228:6:HAL_DAC_MspInit	48	static
stm32l4xx_hal_msp.c:261:6:HAL_DAC_MspDeInit	16	static
stm32l4xx_hal_msp.c:292:6:HAL_DFSDM_FilterMspInit	48	static
stm32l4xx_hal_msp.c:344:6:HAL_DFSDM_ChannelMspInit	48	static
stm32l4xx_hal_msp.c:393:6:HAL_DFSDM_FilterMspDeInit	16	static
stm32l4xx_hal_msp.c:428:6:HAL_DFSDM_ChannelMspDeInit	16	static
stm32l4xx_hal_msp.c:461:6:HAL_SMBUS_MspInit	48	static
stm32l4xx_hal_msp.c:503:6:HAL_I2C_MspInit	56	static
stm32l4xx_hal_msp.c:564:6:HAL_SMBUS_MspDeInit	16	static
stm32l4xx_hal_msp.c:601:6:HAL_I2C_MspDeInit	16	static
stm32l4xx_hal_msp.c:652:6:HAL_LTDC_MspInit	24	static
stm32l4xx_hal_msp.c:674:6:HAL_LTDC_MspDeInit	16	static
stm32l4xx_hal_msp.c:696:6:HAL_RTC_MspInit	16	static
stm32l4xx_hal_msp.c:718:6:HAL_RTC_MspDeInit	16	static
stm32l4xx_hal_msp.c:740:6:HAL_SPI_MspInit	64	static
stm32l4xx_hal_msp.c:836:6:HAL_SPI_MspDeInit	16	static
stm32l4xx_hal_msp.c:906:6:HAL_TIM_PWM_MspInit	24	static
stm32l4xx_hal_msp.c:928:6:HAL_TIM_OC_MspInit	24	static
stm32l4xx_hal_msp.c:950:6:HAL_TIM_Base_MspInit	24	static
stm32l4xx_hal_msp.c:966:6:HAL_TIM_MspPostInit	48	static
stm32l4xx_hal_msp.c:1018:6:HAL_TIM_PWM_MspDeInit	16	static
stm32l4xx_hal_msp.c:1040:6:HAL_TIM_OC_MspDeInit	16	static
stm32l4xx_hal_msp.c:1062:6:HAL_TIM_Base_MspDeInit	16	static
stm32l4xx_hal_msp.c:1084:6:HAL_UART_MspInit	56	static
stm32l4xx_hal_msp.c:1155:6:HAL_UART_MspDeInit	16	static
stm32l4xx_hal_msp.c:1203:6:HAL_SAI_MspInit	48	static
stm32l4xx_hal_msp.c:1253:6:HAL_SAI_MspDeInit	16	static
